1 	Undefined position 	Press Stop during init 	Stop is ignored during init (per FAT O3); system continues to reach defined state
